
> phalendrone-works@2.0.0 build
> next build

  Γû▓ Next.js 14.2.35

   Creating an optimized production build ...
node.exe : Failed to compile.
At line:1 char:1
+ & "C:\Program Files\nodejs/node.exe" "C:\Program Files\nodejs/node_mo ...
+ ~~~~~~~~~~~~~~~~~~~~~~~~~~~~~~~~~~~~~~~~~~~~~~~~~~~~~~~~~~~~~~~~~~~~~
    + CategoryInfo          : NotSpecified: (Failed to compile.:String) [], Re 
   moteException
    + FullyQualifiedErrorId : NativeCommandError
 

./app/page.tsx
Module not found: Can't resolve '@/components/layout/Navbar'

https://nextjs.org/docs/messages/module-not-found

./app/page.tsx
Module not found: Can't resolve '@/components/layout/Footer'

https://nextjs.org/docs/messages/module-not-found

./app/page.tsx
Module not found: Can't resolve '@/components/sections/Hero'

https://nextjs.org/docs/messages/module-not-found

./app/page.tsx
Module not found: Can't resolve '@/components/sections/Services'

https://nextjs.org/docs/messages/module-not-found

./app/page.tsx
Module not found: Can't resolve '@/components/sections/Gallery'

https://nextjs.org/docs/messages/module-not-found


> Build failed because of webpack errors
